C51 COMPILER V9.54   TIMER0                                                                09/10/2024 21:02:34 PAGE 1   


C51 COMPILER V9.54, COMPILATION OF MODULE TIMER0
OBJECT MODULE PLACED IN .\Objects\Timer0.obj
COMPILER INVOKED BY: D:\keil5\C51\BIN\C51.EXE Timer0.c OPTIMIZE(8,SPEED) BROWSE DEBUG OBJECTEXTEND PRINT(.\Listings\Time
                    -r0.lst) OBJECT(.\Objects\Timer0.obj)

line level    source

   1          #include <REGX52.H>
   2          
   3          void Timer0_Init()//初始化定时器和中断系统//1毫秒  //1毫秒@11.0592MHz
   4          {
   5   1              TMOD &= 0xF0;           //设置定时器模式
   6   1              TMOD |= 0x01;           //设置定时器模式
   7   1              TL0 = 0x66;             //设置定时初值
   8   1              TH0 = 0xFC;             //设置定时初值
   9   1              TF0 = 0;                //清除TF0标志
  10   1              TR0 = 1;                //定时器0开始计时
  11   1              ET0 = 1; //允许中断
  12   1              EA = 1;
  13   1              PT0 = 0;//PT0分为1,0；1高优先级,0低优先级，多个中断才会有优先级的区别
  14   1      
  15   1      //      //      TMOD = 0x01;//0000 0001，四位设置一个定时器的模式，后四位的后两位设置为01表
             -示两个字节（分为高八位和低八位）都使用，也就是说可以计数到65535
  16   1      //      //与或式配置，替换上一句代码，目的是为了不影响高四位，配置低四位
  17   1      //      TMOD = TMOD&0xF0;//把TMOD低四位清零，高四位不变
  18   1      //      TMOD = TMOD|0x01;//把TMOD的最低位置1，其余位不变，
  19   1      //      //配置TCON
  20   1      //      TF0 = 0;//TF设置为0；避免产生中断，
  21   1      //      TR0 = 1;//定时器开始
  22   1      //      //从64535开始计时到65535，也就是1000us = 1ms；
  23   1      //      TH0= 64535/256; //高八位赋值给TH0 （65435 与65535 差1000,1us计数器加一，1000us也就是1
             -ms）//定时1毫秒
  24   1      //      TL0 = 645535 % 256;//低八位
  25   1      //      //中断部分配置
  26   1      //      ET0 = 1;
  27   1      //      EA = 1;
  28   1      //      PT0 = 0;//PT0分为1,0；1高优先级,0低优先级，多个中断才会有优先级的区别
  29   1      }
  30          
  31          /*
  32          1秒模板
  33          void Tmer0_Routine() interrupt 1  //中断函数  interrupt 1是T0的中断号
  34          {
  35                  static unsigned int T0Count = 0;
  36                  //进入这个函数说明已经计数到65525了，两个字节数字位1111111111111111，也就是6553
             -5，需要重新从64535开始
  37                  TH0= 0xFC;//定时初值
  38                  TL0 = 0x66;
  39                  T0Count++;
  40                  if(T0Count++ >= 1000)
  41                  {
  42                          T0Count = 0;
  43                  }
  44          }
  45          */


MODULE INFORMATION:   STATIC OVERLAYABLE
   CODE SIZE        =     23    ----
   CONSTANT SIZE    =   ----    ----
   XDATA SIZE       =   ----    ----
C51 COMPILER V9.54   TIMER0                                                                09/10/2024 21:02:34 PAGE 2   

   PDATA SIZE       =   ----    ----
   DATA SIZE        =   ----    ----
   IDATA SIZE       =   ----    ----
   BIT SIZE         =   ----    ----
END OF MODULE INFORMATION.


C51 COMPILATION COMPLETE.  0 WARNING(S),  0 ERROR(S)
